[themepresss.com/tf/html/sadakat-live/index.html]
[backblue.gif]
[fade.gif]
[index.html]
[themepresss.com/tf/html/sadakat-live/assets/css/themify-icons.css]
[themepresss.com/tf/html/sadakat-live/assets/css/font-awesome.min.css]
[themepresss.com/tf/html/sadakat-live/assets/css/flaticon.css]
[themepresss.com/tf/html/sadakat-live/assets/css/bootstrap.min.css]
[themepresss.com/tf/html/sadakat-live/assets/css/animate.css]
[themepresss.com/tf/html/sadakat-live/assets/css/owl.carousel.css]
[themepresss.com/tf/html/sadakat-live/assets/css/owl.theme.css]
[themepresss.com/tf/html/sadakat-live/assets/css/slick.css]
[themepresss.com/tf/html/sadakat-live/assets/css/slick-theme.css]
[themepresss.com/tf/html/sadakat-live/assets/css/swiper.min.css]
[themepresss.com/tf/html/sadakat-live/assets/css/owl.transitions.css]
[themepresss.com/tf/html/sadakat-live/assets/css/jquery.fancybox.css]
[themepresss.com/tf/html/sadakat-live/assets/css/odometer-theme-default.css]
[themepresss.com/tf/html/sadakat-live/assets/css/nice-select.css]
[themepresss.com/tf/html/sadakat-live/assets/css/style.css]
[themepresss.com/tf/html/sadakat-live/assets/css/light.css]
[themepresss.com/tf/html/sadakat-live/login.html]
[themepresss.com/tf/html/sadakat-live/register.html]
[themepresss.com/tf/html/sadakat-live/donate.html]
[themepresss.com/tf/html/sadakat-live/index-2.html]
[themepresss.com/tf/html/sadakat-live/assets/images/logo.png]
[themepresss.com/tf/html/sadakat-live/index-3.html]
[themepresss.com/tf/html/sadakat-live/index-4.html]
[themepresss.com/tf/html/sadakat-live/causes.html]
[themepresss.com/tf/html/sadakat-live/causes-single.html]
[themepresss.com/tf/html/sadakat-live/event.html]
[themepresss.com/tf/html/sadakat-live/event-single.html]
[themepresss.com/tf/html/sadakat-live/about.html]
[themepresss.com/tf/html/sadakat-live/volunteer.html]
[themepresss.com/tf/html/sadakat-live/error.html]
[themepresss.com/tf/html/sadakat-live/blog.html]
[themepresss.com/tf/html/sadakat-live/blog-left.html]
[themepresss.com/tf/html/sadakat-live/blog-fulwidth.html]
[themepresss.com/tf/html/sadakat-live/blog-single.html]
[themepresss.com/tf/html/sadakat-live/blog-single-left.html]
[themepresss.com/tf/html/sadakat-live/blog-single-fluid.html]
[themepresss.com/tf/html/sadakat-live/contact.html]
[themepresss.com/tf/html/sadakat-live/assets/images/shop/mini/img-1.jpg]
[themepresss.com/tf/html/sadakat-live/assets/images/shop/mini/img-2.jpg]
[themepresss.com/tf/html/sadakat-live/assets/images/slider/slide-1.jpg]
[themepresss.com/tf/html/sadakat-live/assets/images/slider/slide-3.jpg]
[themepresss.com/tf/html/sadakat-live/assets/images/slider/slide-4.jpg]
[themepresss.com/tf/html/sadakat-live/assets/images/Volunteers.jpg]
[themepresss.com/tf/html/sadakat-live/assets/images/img-1.png]
[themepresss.com/tf/html/sadakat-live/assets/images/cause/img-1.png]
[themepresss.com/tf/html/sadakat-live/assets/images/cause/img-2.jpg]
[themepresss.com/tf/html/sadakat-live/assets/images/cause/img-3.jpg]
[themepresss.com/tf/html/sadakat-live/assets/images/cause/img-4.jpg]
[themepresss.com/tf/html/sadakat-live/assets/images/cause/img-5.jpg]
[themepresss.com/tf/html/sadakat-live/assets/images/cause/img-6.jpg]
[themepresss.com/tf/html/sadakat-live/assets/images/gallery/img-1.jpg]
[themepresss.com/tf/html/sadakat-live/assets/images/gallery/img-2.jpg]
[themepresss.com/tf/html/sadakat-live/assets/images/gallery/img-3.jpg]
[themepresss.com/tf/html/sadakat-live/assets/images/gallery/img-4.jpg]
[themepresss.com/tf/html/sadakat-live/assets/images/gallery/img-5.jpg]
[themepresss.com/tf/html/sadakat-live/assets/images/gallery/img-6.jpg]
[themepresss.com/tf/html/sadakat-live/assets/images/team/team-1.jpg]
[themepresss.com/tf/html/sadakat-live/assets/images/team/team-2.jpg]
[themepresss.com/tf/html/sadakat-live/assets/images/team/team-3.jpg]
[themepresss.com/tf/html/sadakat-live/assets/images/event/img-1.jpg]
[themepresss.com/tf/html/sadakat-live/assets/images/event/img-2.jpg]
[themepresss.com/tf/html/sadakat-live/assets/images/event/img-3.jpg]
[themepresss.com/tf/html/sadakat-live/assets/images/blog/1.jpg]
[themepresss.com/tf/html/sadakat-live/assets/images/blog/7.jpg]
[themepresss.com/tf/html/sadakat-live/assets/images/blog/2.jpg]
[themepresss.com/tf/html/sadakat-live/assets/images/blog/3.jpg]
[themepresss.com/tf/html/sadakat-live/assets/images/logo-2.png]
[themepresss.com/tf/html/sadakat-live/assets/images/instragram/1.jpg]
[themepresss.com/tf/html/sadakat-live/assets/images/instragram/2.jpg]
[themepresss.com/tf/html/sadakat-live/assets/images/instragram/3.jpg]
[themepresss.com/tf/html/sadakat-live/assets/images/instragram/4.jpg]
[themepresss.com/tf/html/sadakat-live/assets/images/instragram/5.jpg]
[themepresss.com/tf/html/sadakat-live/assets/images/instragram/6.jpg]
[themepresss.com/tf/html/sadakat-live/assets/js/bootstrap.min.js]
[themepresss.com/tf/html/sadakat-live/assets/js/jquery.min.js]
[themepresss.com/tf/html/sadakat-live/assets/js/script.js]
[themepresss.com/tf/html/sadakat-live/index.html]
[themepresss.com/tf/html/sadakat-live/assets/js/gsap.min.js]
[themepresss.com/tf/html/sadakat-live/assets/fonts/themify9f24.eot]
[themepresss.com/tf/html/sadakat-live/assets/fonts/themifyd41d.eot]
[themepresss.com/tf/html/sadakat-live/assets/fonts/themify9f24.woff]
[themepresss.com/tf/html/sadakat-live/assets/js/jquery-plugin-collection.js]
[themepresss.com/tf/html/sadakat-live/assets/css/themify-icons.css]
[themepresss.com/tf/html/sadakat-live/assets/fonts/themify9f24.svg]
[themepresss.com/tf/html/sadakat-live/assets/fonts/fontawesome-webfont5b62.eot]
[themepresss.com/tf/html/sadakat-live/assets/fonts/themify9f24.ttf]
[themepresss.com/tf/html/sadakat-live/assets/fonts/fontawesome-webfontd41d.eot]
[themepresss.com/tf/html/sadakat-live/assets/fonts/fontawesome-webfont5b62.woff2]
[themepresss.com/tf/html/sadakat-live/assets/fonts/fontawesome-webfont5b62.woff]
[themepresss.com/tf/html/sadakat-live/assets/css/font-awesome.min.css]
[themepresss.com/tf/html/sadakat-live/assets/fonts/Flaticon.eot]
[themepresss.com/tf/html/sadakat-live/assets/fonts/Flaticond41d.eot]
[themepresss.com/tf/html/sadakat-live/assets/fonts/fontawesome-webfont5b62.svg]
[themepresss.com/tf/html/sadakat-live/assets/fonts/Flaticon.woff2]
[themepresss.com/tf/html/sadakat-live/assets/fonts/Flaticon.woff]
[themepresss.com/tf/html/sadakat-live/assets/fonts/Flaticon.ttf]
[themepresss.com/tf/html/sadakat-live/assets/css/flaticon.css]
[themepresss.com/tf/html/sadakat-live/assets/fonts/glyphicons-halflings-regular.eot]
[themepresss.com/tf/html/sadakat-live/assets/fonts/Flaticon.svg]
[themepresss.com/tf/html/sadakat-live/assets/fonts/glyphicons-halflings-regulard41d.eot]
[themepresss.com/tf/html/sadakat-live/assets/fonts/glyphicons-halflings-regular.woff2]
[themepresss.com/tf/html/sadakat-live/assets/fonts/glyphicons-halflings-regular.woff]
[themepresss.com/tf/html/sadakat-live/assets/css/bootstrap.min.css]
[themepresss.com/tf/html/sadakat-live/assets/fonts/glyphicons-halflings-regular.svg]
[themepresss.com/tf/html/sadakat-live/assets/css/animate.css]
[themepresss.com/tf/html/sadakat-live/assets/fonts/fontawesome-webfont5b62.ttf]
[themepresss.com/tf/html/sadakat-live/assets/css/owl.video.play.png]
[themepresss.com/tf/html/sadakat-live/assets/css/owl.carousel.css]
[themepresss.com/tf/html/sadakat-live/assets/css/owl.theme.css]
[themepresss.com/tf/html/sadakat-live/assets/css/slick.css]
[themepresss.com/tf/html/sadakat-live/assets/fonts/glyphicons-halflings-regular.ttf]
[themepresss.com/tf/html/sadakat-live/assets/images/ajax-loader.gif]
[themepresss.com/tf/html/sadakat-live/assets/fonts/slick.eot]
[themepresss.com/tf/html/sadakat-live/assets/fonts/slickd41d.eot]
[themepresss.com/tf/html/sadakat-live/assets/fonts/slick.woff]
[themepresss.com/tf/html/sadakat-live/assets/fonts/slick.ttf]
[themepresss.com/tf/html/sadakat-live/assets/css/slick-theme.css]
[themepresss.com/tf/html/sadakat-live/assets/css/swiper.min.css]
[themepresss.com/tf/html/sadakat-live/assets/css/owl.transitions.css]
[themepresss.com/tf/html/sadakat-live/assets/fonts/slick.svg]
[themepresss.com/tf/html/sadakat-live/assets/images/fancybox/fancybox_sprite.png]
[themepresss.com/tf/html/sadakat-live/assets/images/fancybox/fancybox_loading.gif]
[themepresss.com/tf/html/sadakat-live/assets/images/fancybox/blank.gif]
[themepresss.com/tf/html/sadakat-live/assets/images/fancybox/fancybox_overlay.png]
[themepresss.com/tf/html/sadakat-live/assets/images/fancybox/fancybox_sprite@2x.png]
[themepresss.com/tf/html/sadakat-live/assets/images/fancybox/fancybox_loading@2x.gif]
[themepresss.com/tf/html/sadakat-live/assets/css/jquery.fancybox.css]
[themepresss.com/tf/html/sadakat-live/assets/css/odometer-theme-default.css]
[themepresss.com/tf/html/sadakat-live/assets/css/nice-select.css]
[themepresss.com/tf/html/sadakat-live/assets/images/counter/img-1.png]
[themepresss.com/tf/html/sadakat-live/assets/images/cta.jpg]
[themepresss.com/tf/html/sadakat-live/assets/images/breadcumb/img-1.jpg]
[themepresss.com/tf/html/sadakat-live/assets/css/style.css]
[themepresss.com/tf/html/sadakat-live/assets/css/light.css]
[themepresss.com/tf/html/sadakat-live/assets/css/signup.css]
[themepresss.com/tf/html/sadakat-live/assets/images/login.svg]
[themepresss.com/tf/html/sadakat-live/forgot.html]
[themepresss.com/tf/html/sadakat-live/login.html]
[themepresss.com/tf/html/sadakat-live/register.html]
[themepresss.com/tf/html/sadakat-live/assets/images/checkout/img-1.png]
[themepresss.com/tf/html/sadakat-live/assets/images/checkout/img-2.png]
[themepresss.com/tf/html/sadakat-live/assets/images/checkout/img-3.png]
[themepresss.com/tf/html/sadakat-live/assets/images/checkout/img-4.png]
[themepresss.com/tf/html/sadakat-live/donate.html]
[themepresss.com/tf/html/sadakat-live/index-2.html]
[themepresss.com/tf/html/sadakat-live/assets/images/slider/slide-5.jpg]
[themepresss.com/tf/html/sadakat-live/assets/images/slider/slide-7.jpg]
[themepresss.com/tf/html/sadakat-live/assets/images/Volunteers2.jpg]
[themepresss.com/tf/html/sadakat-live/index-3.html]
[themepresss.com/tf/html/sadakat-live/index-4.html]
[themepresss.com/tf/html/sadakat-live/causes.html]
[themepresss.com/tf/html/sadakat-live/assets/images/event-details.jpg]
[themepresss.com/tf/html/sadakat-live/assets/images/blog-details/comments-author/img-1.jpg]
[themepresss.com/tf/html/sadakat-live/assets/images/blog-details/comments-author/img-2.jpg]
[themepresss.com/tf/html/sadakat-live/assets/images/blog-details/comments-author/img-3.jpg]
[themepresss.com/tf/html/sadakat-live/assets/images/recent-posts/img-1.jpg]
[themepresss.com/tf/html/sadakat-live/assets/images/recent-posts/img-2.jpg]
[themepresss.com/tf/html/sadakat-live/assets/images/recent-posts/img-3.jpg]
[themepresss.com/tf/html/sadakat-live/causes-single.html]
[themepresss.com/tf/html/sadakat-live/event.html]
[themepresss.com/tf/html/sadakat-live/assets/images/event-details2.jpg]
[themepresss.com/tf/html/sadakat-live/event-single.html]
[themepresss.com/tf/html/sadakat-live/about.html]
[themepresss.com/tf/html/sadakat-live/assets/images/volunteer.jpg]
[themepresss.com/tf/html/sadakat-live/volunteer.html]
[themepresss.com/tf/html/sadakat-live/error.html]
[themepresss.com/tf/html/sadakat-live/assets/images/blog/img-5.jpg]
[themepresss.com/tf/html/sadakat-live/assets/images/blog/admin.jpg]
[themepresss.com/tf/html/sadakat-live/assets/images/blog/img-6.jpg]
[themepresss.com/tf/html/sadakat-live/assets/images/blog/img-7.jpg]
[themepresss.com/tf/html/sadakat-live/blog.html]
[themepresss.com/tf/html/sadakat-live/blog-left.html]
[themepresss.com/tf/html/sadakat-live/assets/images/blog/img-10.jpg]
[themepresss.com/tf/html/sadakat-live/assets/images/blog/img-8.jpg]
[themepresss.com/tf/html/sadakat-live/assets/images/blog/img-9.jpg]
[themepresss.com/tf/html/sadakat-live/blog-fulwidth.html]
[themepresss.com/tf/html/sadakat-live/assets/images/blog-details/author.jpg]
[themepresss.com/tf/html/sadakat-live/0.8f.delayed]
[themepresss.com/tf/html/sadakat-live/blog-single.html]
[themepresss.com/tf/html/sadakat-live/blog-single-left.html]
[themepresss.com/tf/html/sadakat-live/blog-single-fluid.html]
[themepresss.com/tf/html/sadakat-live/contact.html]
[themepresss.com/tf/html/sadakat-live/assets/fonts/themify9f24.svg]
[themepresss.com/tf/html/sadakat-live/assets/fonts/fontawesome-webfont5b62.svg]
[themepresss.com/tf/html/sadakat-live/assets/fonts/Flaticon.svg]
[themepresss.com/tf/html/sadakat-live/assets/fonts/glyphicons-halflings-regular.svg]
[themepresss.com/tf/html/sadakat-live/assets/css/owl.video.play.html]
[themepresss.com/tf/html/sadakat-live/assets/fonts/slick.svg]
[themepresss.com/tf/html/sadakat-live/assets/css/signup.css]
[themepresss.com/tf/html/sadakat-live/assets/images/login.svg]
[themepresss.com/tf/html/sadakat-live/forgot.html]
[themepresss.com/tf/html/sadakat-live/0.html]
